Microchip MPLAB XC8 Compiler V2.31

Linker command line:

-W-3 --edf=C:\Program Files\Microchip\xc8\v2.31\pic\dat\en_msgs.txt \
  -pivt0x8=08h -cn \
  -h+dist/default/production\pic18f16q41-adcc-temp-sensor-mplab-mcc.X.production.sym \
  --cmf=dist/default/production\pic18f16q41-adcc-temp-sensor-mplab-mcc.X.production.cmf \
  -z -Q18F16Q41 -oC:\Users\C63402\AppData\Local\Temp\sfqc.2 \
  --defsym=__MPLAB_BUILD=1 \
  -Mdist/default/production/pic18f16q41-adcc-temp-sensor-mplab-mcc.X.production.map \
  -E1 -ver=XC8 Compiler --acfsm=1493 -ASTACK=05CEh-015FFh -pstack=STACK \
  -ACODE=00h-0FFFFh -ACONST=00h-0FFFFh -ASMALLCONST=01600h-016FFhx234 \
  -AMEDIUMCONST=01600h-0FFFFh -ACOMRAM=0501h-055Fh -AABS1=0500h-015FFh \
  -ABIGRAM=0501h-015FFh -ARAM=0560h-05FFh,0600h-06FFhx16 \
  -ABANK5=0560h-05FFh -ABANK6=0600h-06FFh -ABANK7=0700h-07FFh \
  -ABANK8=0800h-08FFh -ABANK9=0900h-09FFh -ABANK10=0A00h-0AFFh \
  -ABANK11=0B00h-0BFFh -ABANK12=0C00h-0CFFh -ABANK13=0D00h-0DFFh \
  -ABANK14=0E00h-0EFFh -ABANK15=0F00h-0FFFh -ABANK16=01000h-010FFh \
  -ABANK17=01100h-011FFh -ABANK18=01200h-012FFh -ABANK19=01300h-013FFh \
  -ABANK20=01400h-014FFh -ABANK21=01500h-015FFh \
  -ASFR=00h-0FFhx4,0400h-045Fh,0460h-04FFh -ACONFIG=0300000h-0300011h \
  -AIDLOC=0200000h-020001Fh -AEEDATA=0380000h-03803FFh -peeprom_data=EEDATA \
  -preset_vec=00h -ppowerup=CODE,init -pramtop=01600h \
  -psmallconst=SMALLCONST -pmediumconst=MEDIUMCONST -pconst=CONST \
  -AFARRAM=00h-00h \
  -prdata=COMRAM,nvrram=COMRAM,nvbit=COMRAM,rbss=COMRAM,rbit=COMRAM \
  -pfarbss=FARRAM,fardata=FARRAM,nvFARRAM=FARRAM \
  -pintsave_regs=BIGRAM,bigbss=BIGRAM,bigdata=BIGRAM -pbss=RAM \
  -pidata=CODE,irdata=CODE,ibigdata=CODE,ifardata=CODE -prparam=COMRAM \
  C:\Users\C63402\AppData\Local\Temp\sfqc.o \
  dist/default/production\pic18f16q41-adcc-temp-sensor-mplab-mcc.X.production.o 

Object code version is 3.11

Machine type is 18F16Q41



                Name                               Link     Load   Length Selector   Space Scale
C:\Users\C63402\AppData\Local\Temp\sfqc.o
                idloc                            200000   200000       20        0       5
                config                           300000   300000        A        0       4
                init                                 1A       1A        4        4       0
                reset_vec                             0        0        4        0       0
dist/default/production\pic18f16q41-adcc-temp-sensor-mplab-mcc.X.production.o
                idloc                            200000   200000       20        0       5
                config                           300000   300000        A        0       4
                smallconst                         1600     1600       42      B00       0
                ivt0x8                                8        8       12        4       0
                text42                             2700     2700        2      B21       0
                text41                             2534     2534       30      B21       0
                text40                             2624     2624       22      B21       0
                text39                             265E     265E       16      B21       0
                text38                             2504     2504       30      B21       0
                text37                             26EC     26EC        A      B21       0
                text36                             2296     2296       6C      B21       0
                text35                             25DE     25DE       24      B21       0
                text34                             26FE     26FE        2      B21       0
                text33                             26F6     26F6        8      B21       0
                text32                             23C2     23C2       50      B21       0
                text31                             26E2     26E2        A      B21       0
                text30                             26D8     26D8        A      B21       0
                text29                             26CE     26CE        A      B21       0
                text28                             24D0     24D0       34      B21       0
                text27                             220C     220C       8A      B21       0
                text26                             26C4     26C4        A      B21       0
                text25                             2564     2564       2C      B21       0
                text24                             26BA     26BA        A      B21       0
                text23                             26B0     26B0        A      B21       0
                text22                             26A6     26A6        A      B21       0
                text21                             269C     269C        A      B21       0
                text20                             2692     2692        A      B21       0
                text19                             2688     2688        A      B21       0
                text18                             267E     267E        A      B21       0
                text17                             20C4     20C4       B2      B21       0
                text16                             25B8     25B8       26      B21       0
                text15                             1F16     1F16       E8      B21       0
                text14                             236A     236A       58      B21       0
                text13                             1B1C     1B1C      188      B21       0
                text12                             1CA4     1CA4      164      B21       0
                text11                             2456     2456       40      B21       0
                text10                             2646     2646       18      B21       0
                text9                              2674     2674        A      B21       0
                text8                              2176     2176       96      B21       0
                text7                              2412     2412       44      B21       0
                text6                              2496     2496       3A      B21       0
                text5                              1FFE     1FFE       C6      B21       0
                text4                              1642     1642      2E4      B21       0
                text3                              1926     1926      1F6      B21       0
                text2                              2302     2302       68      B21       0
                text1                              2590     2590       28      B21       0
                text0                              1E08     1E08      10E      B21       0
                cstackCOMRAM                        501      501       5E      501       1
                cstackBANK5                         5C2      5C2        C      560       1
                bssBANK5                            560      560       46      560       1
                bssCOMRAM                           55F      55F        1      501       1
                cinit                              2602     2602       22      B21       0
                nvBANK5                             5A6      5A6       1C      560       1

TOTAL           Name                               Link     Load   Length     Space
        CLASS   STACK          

        CLASS   CODE           
                init                                 1A       1A        4         0
                reset_vec                             0        0        4         0
                ivt0x8                                8        8       12         0
                text42                             2700     2700        2         0
                text41                             2534     2534       30         0
                text40                             2624     2624       22         0
                text39                             265E     265E       16         0
                text38                             2504     2504       30         0
                text37                             26EC     26EC        A         0
                text36                             2296     2296       6C         0
                text35                             25DE     25DE       24         0
                text34                             26FE     26FE        2         0
                text33                             26F6     26F6        8         0
                text32                             23C2     23C2       50         0
                text31                             26E2     26E2        A         0
                text30                             26D8     26D8        A         0
                text29                             26CE     26CE        A         0
                text28                             24D0     24D0       34         0
                text27                             220C     220C       8A         0
                text26                             26C4     26C4        A         0
                text25                             2564     2564       2C         0
                text24                             26BA     26BA        A         0
                text23                             26B0     26B0        A         0
                text22                             26A6     26A6        A         0
                text21                             269C     269C        A         0
                text20                             2692     2692        A         0
                text19                             2688     2688        A         0
                text18                             267E     267E        A         0
                text17                             20C4     20C4       B2         0
                text16                             25B8     25B8       26         0
                text15                             1F16     1F16       E8         0
                text14                             236A     236A       58         0
                text13                             1B1C     1B1C      188         0
                text12                             1CA4     1CA4      164         0
                text11                             2456     2456       40         0
                text10                             2646     2646       18         0
                text9                              2674     2674        A         0
                text8                              2176     2176       96         0
                text7                              2412     2412       44         0
                text6                              2496     2496       3A         0
                text5                              1FFE     1FFE       C6         0
                text4                              1642     1642      2E4         0
                text3                              1926     1926      1F6         0
                text2                              2302     2302       68         0
                text1                              2590     2590       28         0
                text0                              1E08     1E08      10E         0
                cinit                              2602     2602       22         0

        CLASS   CONST          

        CLASS   SMALLCONST     
                smallconst                         1600     1600       42         0

        CLASS   MEDIUMCONST    

        CLASS   COMRAM         
                cstackCOMRAM                        501      501       5E         1
                bssCOMRAM                           55F      55F        1         1

        CLASS   ABS1           

        CLASS   BIGRAM         

        CLASS   RAM            

        CLASS   BANK5          
                cstackBANK5                         5C2      5C2        C         1
                bssBANK5                            560      560       46         1
                nvBANK5                             5A6      5A6       1C         1

        CLASS   BANK6          

        CLASS   BANK7          

        CLASS   BANK8          

        CLASS   BANK9          

        CLASS   BANK10         

        CLASS   BANK11         

        CLASS   BANK12         

        CLASS   BANK13         

        CLASS   BANK14         

        CLASS   BANK15         

        CLASS   BANK16         

        CLASS   BANK17         

        CLASS   BANK18         

        CLASS   BANK19         

        CLASS   BANK20         

        CLASS   BANK21         

        CLASS   SFR            

        CLASS   CONFIG         
                config                           300000   300000        A         4

        CLASS   IDLOC          
                idloc                            200000   200000       20         5

        CLASS   EEDATA         

        CLASS   FARRAM         



SEGMENTS        Name                           Load    Length   Top    Selector   Space  Class

                reset_vec                      000000  000004  000004         0       0  CODE    
                ivt0x8                         000008  000016  00001E         4       0  CODE    
                cstackCOMRAM                   000501  00005F  000560       501       1  COMRAM  
                bssBANK5                       000560  00006E  0005CE       560       1  BANK5   
                smallconst                     001600  000042  001642       B00       0  SMALLCON
                text4                          001642  0010C0  002702       B21       0  CODE    


UNUSED ADDRESS RANGES

        Name                Unused          Largest block    Delta
        BANK10           000A00-000AFF              100
        BANK11           000B00-000BFF              100
        BANK12           000C00-000CFF              100
        BANK13           000D00-000DFF              100
        BANK14           000E00-000EFF              100
        BANK15           000F00-000FFF              100
        BANK16           001000-0010FF              100
        BANK17           001100-0011FF              100
        BANK18           001200-0012FF              100
        BANK19           001300-0013FF              100
        BANK20           001400-0014FF              100
        BANK21           001500-0015FF              100
        BANK5            0005CE-0005FF               32
        BANK6            000600-0006FF              100
        BANK7            000700-0007FF              100
        BANK8            000800-0008FF              100
        BANK9            000900-0009FF              100
        BIGRAM           0005CE-0015FF             1032
        CODE             000004-000007                4
                         00001E-0015FF             15E2
                         002702-00FFFF             D8FE
        CONFIG           30000A-300011                8
        CONST            000004-000007                4
                         00001E-0015FF             15E2
                         002702-00FFFF             D8FE
        EEDATA           380000-3803FF              400
        MEDIUMCONST      002702-00FFFF             D8FE
        RAM              0005CE-0015FF              100
        SFR              000000-0004FF              100
        SMALLCONST       002702-00FFFF              100
        STACK            0005CE-0015FF             1032

                                  Symbol Table

?_ADCC_GetConversionResult                             cstackCOMRAM 000501
?_FLASH_ReadWord                                       cstackCOMRAM 000501
?___aodiv                                              cstackCOMRAM 000501
?___aomod                                              cstackCOMRAM 000501
?___atdiv                                              cstackCOMRAM 000501
?___tmul                                               cstackCOMRAM 000501
?_abs                                                  cstackCOMRAM 000513
?_dtoa                                                 cstackCOMRAM 00051E
?_pad                                                  cstackCOMRAM 000513
?_printf                                               cstackCOMRAM 00055A
?_strlen                                               cstackCOMRAM 000501
?_vfpfcnvrt                                            cstackCOMRAM 000542
?_vfprintf                                             cstackCOMRAM 000552
ADCC_SetADTIInterruptHandler@InterruptHandler          cstackCOMRAM 000501
FLASH_ReadWord@flashAddr                               cstackCOMRAM 000501
FLASH_ReadWord@readWordH                               cstackCOMRAM 000508
FLASH_ReadWord@readWordL                               cstackCOMRAM 000507
INT0_SetInterruptHandler@InterruptHandler              cstackCOMRAM 000501
INT1_SetInterruptHandler@InterruptHandler              cstackCOMRAM 000501
INT2_SetInterruptHandler@InterruptHandler              cstackCOMRAM 000501
IVTBASEH                                               (abs)        00045E
IVTBASEL                                               (abs)        00045D
IVTBASEU                                               (abs)        00045F
Timer2_OverflowCallbackRegister@InterruptHandler       cstackCOMRAM 000501
UART1_SetErrorHandler@interruptHandler                 cstackCOMRAM 000501
UART1_SetFramingErrorHandler@interruptHandler          cstackCOMRAM 000501
UART1_SetFramingErrorInterruptHandler@InterruptHandler cstackCOMRAM 000501
UART1_SetOverrunErrorHandler@interruptHandler          cstackCOMRAM 000501
UART1_SetRxInterruptHandler@InterruptHandler           cstackCOMRAM 000501
UART1_SetTxInterruptHandler@InterruptHandler           cstackCOMRAM 000501
UART1_SetUartInterruptHandler@InterruptHandler         cstackCOMRAM 000501
UART1_Write@txData                                     cstackCOMRAM 000501
_ACTCON                                                (abs)        0000AC
_ADACCH                                                (abs)        0003E4
_ADACCL                                                (abs)        0003E3
_ADACCU                                                (abs)        0003E5
_ADACQH                                                (abs)        0003EF
_ADACQL                                                (abs)        0003EE
_ADACT                                                 (abs)        0003F9
_ADACTPPS                                              (abs)        000269
_ADCAP                                                 (abs)        0003F0
_ADCC_ADTI_InterruptHandler                            nvBANK5      0005C0
_ADCC_DefaultADTI_ISR                                  text42       002700
_ADCC_GetConversionResult                              text39       00265E
_ADCC_Initialize                                       text36       002296
_ADCC_SetADTIInterruptHandler                          text37       0026EC
_ADCC_ThresholdISR                                     text41       002534
_ADCLK                                                 (abs)        0003FA
_ADCNT                                                 (abs)        0003E6
_ADCON0                                                (abs)        0003F3
_ADCON0bits                                            (abs)        0003F3
_ADCON1                                                (abs)        0003F4
_ADCON1bits                                            (abs)        0003F4
_ADCON2                                                (abs)        0003F5
_ADCON2bits                                            (abs)        0003F5
_ADCON3                                                (abs)        0003F6
_ADCON3bits                                            (abs)        0003F6
_ADERRH                                                (abs)        0003DE
_ADERRL                                                (abs)        0003DD
_ADFLTRH                                               (abs)        0003E2
_ADFLTRL                                               (abs)        0003E1
_ADLTHH                                                (abs)        0003DA
_ADLTHL                                                (abs)        0003D9
_ADPCH                                                 (abs)        0003EC
_ADPREH                                                (abs)        0003F2
_ADPREL                                                (abs)        0003F1
_ADPREVH                                               (abs)        0003E9
_ADPREVL                                               (abs)        0003E8
_ADREF                                                 (abs)        0003F8
_ADRESH                                                (abs)        0003EB
_ADRESL                                                (abs)        0003EA
_ADRPT                                                 (abs)        0003E7
_ADSTAT                                                (abs)        0003F7
_ADSTATbits                                            (abs)        0003F7
_ADSTPTH                                               (abs)        0003E0
_ADSTPTL                                               (abs)        0003DF
_ADUTHH                                                (abs)        0003DC
_ADUTHL                                                (abs)        0003DB
_ANSELA                                                (abs)        000400
_ANSELB                                                (abs)        000408
_ANSELC                                                (abs)        000410
_CLOCK_Initialize                                      text35       0025DE
_FLASH_Initialize                                      text34       0026FE
_FLASH_ReadWord                                        text38       002504
_FVRCON                                                (abs)        0003D7
_FVRCONbits                                            (abs)        0003D7
_FVR_Initialize                                        text33       0026F6
_I2C1ADB0                                              (abs)        00028E
_I2C1ADB1                                              (abs)        00028F
_I2C1ADR0                                              (abs)        000290
_I2C1ADR1                                              (abs)        000291
_I2C1ADR2                                              (abs)        000292
_I2C1ADR3                                              (abs)        000293
_I2C1BTO                                               (abs)        00029C
_I2C1BTOC                                              (abs)        00029F
_I2C1CLK                                               (abs)        00029E
_I2C1CNTH                                              (abs)        00028D
_I2C1CNTL                                              (abs)        00028C
_I2C1CON0                                              (abs)        000294
_I2C1CON1                                              (abs)        000295
_I2C1CON2                                              (abs)        000296
_I2C1ERR                                               (abs)        000297
_I2C1PIE                                               (abs)        00029B
_I2C1PIR                                               (abs)        00029A
_I2C1STAT1                                             (abs)        000299
_I2C1TXB                                               (abs)        00028B
_I2C1_Initialize                                       text32       0023C2
_INLVLA                                                (abs)        000404
_INLVLB                                                (abs)        00040C
_INLVLC                                                (abs)        000414
_INT0_DefaultInterruptHandler                          (abs)        000000
_INT0_InterruptHandler                                 nvBANK5      0005B6
_INT0_SetInterruptHandler                              text31       0026E2
_INT1_DefaultInterruptHandler                          (abs)        000000
_INT1_InterruptHandler                                 nvBANK5      0005B4
_INT1_SetInterruptHandler                              text30       0026D8
_INT2_DefaultInterruptHandler                          (abs)        000000
_INT2_InterruptHandler                                 nvBANK5      0005B2
_INT2_SetInterruptHandler                              text29       0026CE
_INTCON0bits                                           (abs)        0004D6
_INTERRUPT_Initialize                                  text28       0024D0
_INTERRUPT_InterruptManager                            text40       002624
_IOCAF                                                 (abs)        000407
_IOCAN                                                 (abs)        000406
_IOCAP                                                 (abs)        000405
_IOCBF                                                 (abs)        00040F
_IOCBN                                                 (abs)        00040E
_IOCBP                                                 (abs)        00040D
_IOCCF                                                 (abs)        000417
_IOCCN                                                 (abs)        000416
_IOCCP                                                 (abs)        000415
_LATA                                                  (abs)        0004BE
_LATB                                                  (abs)        0004BF
_LATC                                                  (abs)        0004C0
_NVMADRH                                               (abs)        000044
_NVMADRL                                               (abs)        000043
_NVMADRU                                               (abs)        000045
_NVMCON0bits                                           (abs)        000040
_NVMCON1bits                                           (abs)        000041
_NVMDATL                                               (abs)        000046
_NVMLOCK                                               (abs)        000042
_ODCONA                                                (abs)        000402
_ODCONB                                                (abs)        00040A
_ODCONC                                                (abs)        000412
_OSCCON1                                               (abs)        0000AD
_OSCCON2                                               (abs)        0000AE
_OSCCON3                                               (abs)        0000AF
_OSCEN                                                 (abs)        0000B3
_OSCFRQ                                                (abs)        0000B1
_OSCSTAT                                               (abs)        0000B2
_OSCTUNE                                               (abs)        0000B0
_PIE2bits                                              (abs)        0004AA
_PIE4bits                                              (abs)        0004AC
_PIN_MANAGER_Initialize                                text27       00220C
_PIR0bits                                              (abs)        0004B3
_PIR10bits                                             (abs)        0004BD
_PIR1bits                                              (abs)        0004B4
_PIR2bits                                              (abs)        0004B5
_PIR3bits                                              (abs)        0004B6
_PIR4bits                                              (abs)        0004B7
_PIR6bits                                              (abs)        0004B9
_PR2                                                   (abs)        00031D
_RB7PPS                                                (abs)        000210
_SLRCONA                                               (abs)        000403
_SLRCONB                                               (abs)        00040B
_SLRCONC                                               (abs)        000413
_SYSTEM_Initialize                                     text16       0025B8
_T2CLKCON                                              (abs)        000320
_T2CON                                                 (abs)        00031E
_T2CONbits                                             (abs)        00031E
_T2HLT                                                 (abs)        00031F
_T2HLTbits                                             (abs)        00031F
_T2INPPS                                               (abs)        000248
_T2PR                                                  (abs)        00031D
_T2RST                                                 (abs)        000321
_T2RSTbits                                             (abs)        000321
_T2TMR                                                 (abs)        00031C
_TABLAT                                                (abs)        0004F5
_TBLPTRH                                               (abs)        0004F7
_TBLPTRL                                               (abs)        0004F6
_TBLPTRU                                               (abs)        0004F8
_TMR2                                                  (abs)        00031C
_TRISA                                                 (abs)        0004C6
_TRISB                                                 (abs)        0004C7
_TRISC                                                 (abs)        0004C8
_Timer2                                                smallconst   00161B
_Timer2_DefaultOverflowCallback                        (abs)        000000
_Timer2_Initialize                                     text25       002564
_Timer2_OverflowCallback                               nvBANK5      0005B0
_Timer2_OverflowCallbackRegister                       text26       0026C4
_Timer2_PeriodCountSet                                 (abs)        000000
_Timer2_Start                                          (abs)        000000
_Timer2_Stop                                           (abs)        000000
_Timer2_Tasks                                          (abs)        000000
_U1BRGH                                                (abs)        0002AF
_U1BRGL                                                (abs)        0002AE
_U1CON0                                                (abs)        0002AB
_U1CON0bits                                            (abs)        0002AB
_U1CON1                                                (abs)        0002AC
_U1CON2                                                (abs)        0002AD
_U1ERRIE                                               (abs)        0002B3
_U1ERRIR                                               (abs)        0002B2
_U1ERRIRbits                                           (abs)        0002B2
_U1FIFO                                                (abs)        0002B0
_U1P1H                                                 (abs)        0002A6
_U1P1L                                                 (abs)        0002A5
_U1P2H                                                 (abs)        0002A8
_U1P2L                                                 (abs)        0002A7
_U1P3H                                                 (abs)        0002AA
_U1P3L                                                 (abs)        0002A9
_U1RXB                                                 (abs)        0002A1
_U1RXCHK                                               (abs)        0002A2
_U1RXPPS                                               (abs)        000272
_U1TXB                                                 (abs)        0002A3
_U1TXCHK                                               (abs)        0002A4
_U1UIR                                                 (abs)        0002B1
_U1UIRbits                                             (abs)        0002B1
_UART1_DefaultErrorHandler                             (abs)        000000
_UART1_DefaultFramingErrorHandler                      (abs)        000000
_UART1_DefaultOverrunErrorHandler                      (abs)        000000
_UART1_ErrorHandler                                    nvBANK5      0005AA
_UART1_FramingErrorHandler                             nvBANK5      0005AE
_UART1_FramingErrorInterruptHandler                    nvBANK5      0005BA
_UART1_FramingError_ISR                                (abs)        000000
_UART1_Initialize                                      text17       0020C4
_UART1_Interface                                       smallconst   001601
_UART1_IsRxReady                                       (abs)        000000
_UART1_IsTxDone                                        (abs)        000000
_UART1_IsTxReady                                       (abs)        000000
_UART1_OverrunErrorHandler                             nvBANK5      0005AC
_UART1_Read                                            (abs)        000000
_UART1_Receive_ISR                                     (abs)        000000
_UART1_RxInterruptHandler                              nvBANK5      0005BE
_UART1_SetErrorHandler                                 text24       0026BA
_UART1_SetFramingErrorHandler                          text23       0026B0
_UART1_SetFramingErrorInterruptHandler                 text22       0026A6
_UART1_SetOverrunErrorHandler                          text21       00269C
_UART1_SetRxInterruptHandler                           text20       002692
_UART1_SetTxInterruptHandler                           text19       002688
_UART1_SetUartInterruptHandler                         text18       00267E
_UART1_Transmit_ISR                                    (abs)        000000
_UART1_TxInterruptHandler                              nvBANK5      0005BC
_UART1_UARTInterruptHandler                            nvBANK5      0005B8
_UART1_UartInterrupt_ISR                               (abs)        000000
_UART1_Write                                           text10       002646
_WPUA                                                  (abs)        000401
_WPUB                                                  (abs)        000409
_WPUC                                                  (abs)        000411
__HRAM                                                 (abs)        000000
__Habs1                                                abs1         000000
__Hbank10                                              bank10       000000
__Hbank11                                              bank11       000000
__Hbank12                                              bank12       000000
__Hbank13                                              bank13       000000
__Hbank14                                              bank14       000000
__Hbank15                                              bank15       000000
__Hbank16                                              bank16       000000
__Hbank17                                              bank17       000000
__Hbank18                                              bank18       000000
__Hbank19                                              bank19       000000
__Hbank20                                              bank20       000000
__Hbank21                                              bank21       000000
__Hbank5                                               bank5        000000
__Hbank6                                               bank6        000000
__Hbank7                                               bank7        000000
__Hbank8                                               bank8        000000
__Hbank9                                               bank9        000000
__Hbigbss                                              bigbss       000000
__Hbigdata                                             bigdata      000000
__Hbigram                                              bigram       000000
__Hbss                                                 bss          000000
__HbssBANK5                                            bssBANK5     000000
__HbssCOMRAM                                           bssCOMRAM    000000
__Hcinit                                               cinit        000000
__Hclrtext                                             clrtext      000000
__Hcomram                                              comram       000000
__Hconfig                                              config       30000A
__Hconst                                               const        000000
__HcstackBANK5                                         cstackBANK5  000000
__HcstackCOMRAM                                        cstackCOMRAM 000000
__Hdata                                                data         000000
__Heeprom_data                                         eeprom_data  000000
__Hfarbss                                              farbss       000000
__Hfardata                                             fardata      000000
__Hibigdata                                            ibigdata     000000
__Hidata                                               idata        000000
__Hidloc                                               idloc        200020
__Hifardata                                            ifardata     000000
__Hinit                                                init         00001E
__Hintsave_regs                                        intsave_regs 000000
__Hirdata                                              irdata       000000
__Hivt0x8                                              ivt0x8       00001A
__Hmediumconst                                         mediumconst  000000
__HnvBANK5                                             nvBANK5      000000
__HnvFARRAM                                            nvFARRAM     000000
__Hnvbit                                               nvbit        000000
__Hnvrram                                              nvrram       000000
__Hparam                                               rparam       000000
__Hpowerup                                             powerup      000000
__Hram                                                 ram          000000
__Hramtop                                              ramtop       001600
__Hrbit                                                rbit         000000
__Hrbss                                                rbss         000000
__Hrdata                                               rdata        000000
__Hreset_vec                                           reset_vec    000004
__Hrparam                                              rparam       000000
__Hsfr                                                 sfr          000000
__Hsmallconst                                          smallconst   001642
__Hspace_0                                             (abs)        002702
__Hspace_1                                             (abs)        0005CE
__Hspace_2                                             (abs)        000000
__Hspace_4                                             (abs)        60000A
__Hstack                                               stack        000000
__Hstruct                                              struct       000000
__Htemp                                                temp         000000
__Htext                                                text         000000
__Htext0                                               text0        000000
__Htext1                                               text1        000000
__Htext10                                              text10       000000
__Htext11                                              text11       000000
__Htext12                                              text12       000000
__Htext13                                              text13       000000
__Htext14                                              text14       000000
__Htext15                                              text15       000000
__Htext16                                              text16       000000
__Htext17                                              text17       000000
__Htext18                                              text18       000000
__Htext19                                              text19       000000
__Htext2                                               text2        000000
__Htext20                                              text20       000000
__Htext21                                              text21       000000
__Htext22                                              text22       000000
__Htext23                                              text23       000000
__Htext24                                              text24       000000
__Htext25                                              text25       000000
__Htext26                                              text26       000000
__Htext27                                              text27       000000
__Htext28                                              text28       000000
__Htext29                                              text29       000000
__Htext3                                               text3        000000
__Htext30                                              text30       000000
__Htext31                                              text31       000000
__Htext32                                              text32       000000
__Htext33                                              text33       000000
__Htext34                                              text34       000000
__Htext35                                              text35       000000
__Htext36                                              text36       000000
__Htext37                                              text37       000000
__Htext38                                              text38       000000
__Htext39                                              text39       000000
__Htext4                                               text4        000000
__Htext40                                              text40       000000
__Htext41                                              text41       000000
__Htext42                                              text42       000000
__Htext43                                              text43       000000
__Htext5                                               text5        000000
__Htext6                                               text6        000000
__Htext7                                               text7        000000
__Htext8                                               text8        000000
__Htext9                                               text9        000000
__LRAM                                                 (abs)        000001
__Labs1                                                abs1         000000
__Lbank10                                              bank10       000000
__Lbank11                                              bank11       000000
__Lbank12                                              bank12       000000
__Lbank13                                              bank13       000000
__Lbank14                                              bank14       000000
__Lbank15                                              bank15       000000
__Lbank16                                              bank16       000000
__Lbank17                                              bank17       000000
__Lbank18                                              bank18       000000
__Lbank19                                              bank19       000000
__Lbank20                                              bank20       000000
__Lbank21                                              bank21       000000
__Lbank5                                               bank5        000000
__Lbank6                                               bank6        000000
__Lbank7                                               bank7        000000
__Lbank8                                               bank8        000000
__Lbank9                                               bank9        000000
__Lbigbss                                              bigbss       000000
__Lbigdata                                             bigdata      000000
__Lbigram                                              bigram       000000
__Lbss                                                 bss          000000
__LbssBANK5                                            bssBANK5     000000
__LbssCOMRAM                                           bssCOMRAM    000000
__Lcinit                                               cinit        000000
__Lclrtext                                             clrtext      000000
__Lcomram                                              comram       000000
__Lconfig                                              config       000000
__Lconst                                               const        000000
__LcstackBANK5                                         cstackBANK5  000000
__LcstackCOMRAM                                        cstackCOMRAM 000000
__Ldata                                                data         000000
__Leeprom_data                                         eeprom_data  000000
__Lfarbss                                              farbss       000000
__Lfardata                                             fardata      000000
__Libigdata                                            ibigdata     000000
__Lidata                                               idata        000000
__Lidloc                                               idloc        000000
__Lifardata                                            ifardata     000000
__Linit                                                init         00001A
__Lintsave_regs                                        intsave_regs 000000
__Lirdata                                              irdata       000000
__Livt0x8                                              ivt0x8       000008
__Lmediumconst                                         mediumconst  000000
__LnvBANK5                                             nvBANK5      000000
__LnvFARRAM                                            nvFARRAM     000000
__Lnvbit                                               nvbit        000000
__Lnvrram                                              nvrram       000000
__Lparam                                               rparam       000000
__Lpowerup                                             powerup      000000
__Lram                                                 ram          000000
__Lramtop                                              ramtop       001600
__Lrbit                                                rbit         000000
__Lrbss                                                rbss         000000
__Lrdata                                               rdata        000000
__Lreset_vec                                           reset_vec    000000
__Lrparam                                              rparam       000000
__Lsfr                                                 sfr          000000
__Lsmallconst                                          smallconst   001600
__Lspace_0                                             (abs)        000000
__Lspace_1                                             (abs)        000000
__Lspace_2                                             (abs)        000000
__Lspace_4                                             (abs)        000000
__Lstack                                               stack        000000
__Lstruct                                              struct       000000
__Ltemp                                                temp         000000
__Ltext                                                text         000000
__Ltext0                                               text0        000000
__Ltext1                                               text1        000000
__Ltext10                                              text10       000000
__Ltext11                                              text11       000000
__Ltext12                                              text12       000000
__Ltext13                                              text13       000000
__Ltext14                                              text14       000000
__Ltext15                                              text15       000000
__Ltext16                                              text16       000000
__Ltext17                                              text17       000000
__Ltext18                                              text18       000000
__Ltext19                                              text19       000000
__Ltext2                                               text2        000000
__Ltext20                                              text20       000000
__Ltext21                                              text21       000000
__Ltext22                                              text22       000000
__Ltext23                                              text23       000000
__Ltext24                                              text24       000000
__Ltext25                                              text25       000000
__Ltext26                                              text26       000000
__Ltext27                                              text27       000000
__Ltext28                                              text28       000000
__Ltext29                                              text29       000000
__Ltext3                                               text3        000000
__Ltext30                                              text30       000000
__Ltext31                                              text31       000000
__Ltext32                                              text32       000000
__Ltext33                                              text33       000000
__Ltext34                                              text34       000000
__Ltext35                                              text35       000000
__Ltext36                                              text36       000000
__Ltext37                                              text37       000000
__Ltext38                                              text38       000000
__Ltext39                                              text39       000000
__Ltext4                                               text4        000000
__Ltext40                                              text40       000000
__Ltext41                                              text41       000000
__Ltext42                                              text42       000000
__Ltext43                                              text43       000000
__Ltext5                                               text5        000000
__Ltext6                                               text6        000000
__Ltext7                                               text7        000000
__Ltext8                                               text8        000000
__Ltext9                                               text9        000000
__S0                                                   (abs)        002702
__S1                                                   (abs)        0005CE
__S2                                                   (abs)        000000
__S4                                                   (abs)        000000
__S5                                                   (abs)        000000
___aodiv                                               text13       001B1C
___aodiv@counter                                       cstackCOMRAM 000511
___aodiv@dividend                                      cstackCOMRAM 000501
___aodiv@divisor                                       cstackCOMRAM 000509
___aodiv@quotient                                      cstackCOMRAM 000513
___aodiv@sign                                          cstackCOMRAM 000512
___aomod                                               text12       001CA4
___aomod@counter                                       cstackCOMRAM 000511
___aomod@dividend                                      cstackCOMRAM 000501
___aomod@divisor                                       cstackCOMRAM 000509
___aomod@sign                                          cstackCOMRAM 000512
___atdiv                                               text15       001F16
___atdiv@counter                                       cstackCOMRAM 000507
___atdiv@dividend                                      cstackCOMRAM 000501
___atdiv@divisor                                       cstackCOMRAM 000504
___atdiv@quotient                                      cstackCOMRAM 000509
___atdiv@sign                                          cstackCOMRAM 000508
___inthi_sp                                            stack        000000
___intlo_sp                                            stack        000000
___param_bank                                          (abs)        000000
___rparam_used                                         (abs)        000001
___sp                                                  stack        000000
___tmul                                                text14       00236A
___tmul@multiplicand                                   cstackCOMRAM 000504
___tmul@multiplier                                     cstackCOMRAM 000501
___tmul@product                                        cstackCOMRAM 000507
__accesstop                                            (abs)        000560
__activetblptr                                         (abs)        000003
__end_of_ADCC_DefaultADTI_ISR                          text42       002702
__end_of_ADCC_GetConversionResult                      text39       002674
__end_of_ADCC_Initialize                               text36       002302
__end_of_ADCC_SetADTIInterruptHandler                  text37       0026F6
__end_of_ADCC_ThresholdISR                             text41       002564
__end_of_CLOCK_Initialize                              text35       002602
__end_of_FLASH_Initialize                              text34       002700
__end_of_FLASH_ReadWord                                text38       002534
__end_of_FVR_Initialize                                text33       0026FE
__end_of_I2C1_Initialize                               text32       002412
__end_of_INT0_SetInterruptHandler                      text31       0026EC
__end_of_INT1_SetInterruptHandler                      text30       0026E2
__end_of_INT2_SetInterruptHandler                      text29       0026D8
__end_of_INTERRUPT_Initialize                          text28       002504
__end_of_INTERRUPT_InterruptManager                    text40       002646
__end_of_PIN_MANAGER_Initialize                        text27       002296
__end_of_SYSTEM_Initialize                             text16       0025DE
__end_of_Timer2                                        smallconst   001627
__end_of_Timer2_Initialize                             text25       002590
__end_of_Timer2_OverflowCallbackRegister               text26       0026CE
__end_of_UART1_Initialize                              text17       002176
__end_of_UART1_Interface                               smallconst   00161B
__end_of_UART1_SetErrorHandler                         text24       0026C4
__end_of_UART1_SetFramingErrorHandler                  text23       0026BA
__end_of_UART1_SetFramingErrorInterruptHandler         text22       0026B0
__end_of_UART1_SetOverrunErrorHandler                  text21       0026A6
__end_of_UART1_SetRxInterruptHandler                   text20       00269C
__end_of_UART1_SetTxInterruptHandler                   text19       002692
__end_of_UART1_SetUartInterruptHandler                 text18       002688
__end_of_UART1_Write                                   text10       00265E
__end_of___aodiv                                       text13       001CA4
__end_of___aomod                                       text12       001E08
__end_of___atdiv                                       text15       001FFE
__end_of___tmul                                        text14       0023C2
__end_of__initialization                               cinit        00261E
__end_of_abs                                           text11       002496
__end_of_dtoa                                          text4        001926
__end_of_fputc                                         text8        00220C
__end_of_fputs                                         text7        002456
__end_of_main                                          text0        001F16
__end_of_pad                                           text5        0020C4
__end_of_printf                                        text1        0025B8
__end_of_putch                                         text9        00267E
__end_of_strlen                                        text6        0024D0
__end_of_vfpfcnvrt                                     text3        001B1C
__end_of_vfprintf                                      text2        00236A
__initialization                                       cinit        002602
__mediumconst                                          mediumconst  000000
__pbssBANK5                                            bssBANK5     000560
__pbssCOMRAM                                           bssCOMRAM    00055F
__pcinit                                               cinit        002602
__pcstackBANK5                                         cstackBANK5  0005C2
__pcstackCOMRAM                                        cstackCOMRAM 000501
__pivt0x8                                              ivt0x8       000008
__pnvBANK5                                             nvBANK5      0005A6
__psmallconst                                          smallconst   001600
__ptext0                                               text0        001E08
__ptext1                                               text1        002590
__ptext10                                              text10       002646
__ptext11                                              text11       002456
__ptext12                                              text12       001CA4
__ptext13                                              text13       001B1C
__ptext14                                              text14       00236A
__ptext15                                              text15       001F16
__ptext16                                              text16       0025B8
__ptext17                                              text17       0020C4
__ptext18                                              text18       00267E
__ptext19                                              text19       002688
__ptext2                                               text2        002302
__ptext20                                              text20       002692
__ptext21                                              text21       00269C
__ptext22                                              text22       0026A6
__ptext23                                              text23       0026B0
__ptext24                                              text24       0026BA
__ptext25                                              text25       002564
__ptext26                                              text26       0026C4
__ptext27                                              text27       00220C
__ptext28                                              text28       0024D0
__ptext29                                              text29       0026CE
__ptext3                                               text3        001926
__ptext30                                              text30       0026D8
__ptext31                                              text31       0026E2
__ptext32                                              text32       0023C2
__ptext33                                              text33       0026F6
__ptext34                                              text34       0026FE
__ptext35                                              text35       0025DE
__ptext36                                              text36       002296
__ptext37                                              text37       0026EC
__ptext38                                              text38       002504
__ptext39                                              text39       00265E
__ptext4                                               text4        001642
__ptext40                                              text40       002624
__ptext41                                              text41       002534
__ptext42                                              text42       002700
__ptext43                                              text43       000000
__ptext5                                               text5        001FFE
__ptext6                                               text6        002496
__ptext7                                               text7        002412
__ptext8                                               text8        002176
__ptext9                                               text9        002674
__ramtop                                               ramtop       001600
__size_of_ADCC_DefaultADTI_ISR                         (abs)        000000
__size_of_ADCC_GetConversionResult                     (abs)        000000
__size_of_ADCC_Initialize                              (abs)        000000
__size_of_ADCC_SetADTIInterruptHandler                 (abs)        000000
__size_of_ADCC_ThresholdISR                            (abs)        000000
__size_of_CLOCK_Initialize                             (abs)        000000
__size_of_FLASH_Initialize                             (abs)        000000
__size_of_FLASH_ReadWord                               (abs)        000000
__size_of_FVR_Initialize                               (abs)        000000
__size_of_I2C1_Initialize                              (abs)        000000
__size_of_INT0_SetInterruptHandler                     (abs)        000000
__size_of_INT1_SetInterruptHandler                     (abs)        000000
__size_of_INT2_SetInterruptHandler                     (abs)        000000
__size_of_INTERRUPT_Initialize                         (abs)        000000
__size_of_INTERRUPT_InterruptManager                   (abs)        000000
__size_of_PIN_MANAGER_Initialize                       (abs)        000000
__size_of_SYSTEM_Initialize                            (abs)        000000
__size_of_Timer2_Initialize                            (abs)        000000
__size_of_Timer2_OverflowCallbackRegister              (abs)        000000
__size_of_UART1_Initialize                             (abs)        000000
__size_of_UART1_SetErrorHandler                        (abs)        000000
__size_of_UART1_SetFramingErrorHandler                 (abs)        000000
__size_of_UART1_SetFramingErrorInterruptHandler        (abs)        000000
__size_of_UART1_SetOverrunErrorHandler                 (abs)        000000
__size_of_UART1_SetRxInterruptHandler                  (abs)        000000
__size_of_UART1_SetTxInterruptHandler                  (abs)        000000
__size_of_UART1_SetUartInterruptHandler                (abs)        000000
__size_of_UART1_Write                                  (abs)        000000
__size_of___aodiv                                      (abs)        000000
__size_of___aomod                                      (abs)        000000
__size_of___atdiv                                      (abs)        000000
__size_of___tmul                                       (abs)        000000
__size_of_abs                                          (abs)        000000
__size_of_dtoa                                         (abs)        000000
__size_of_fputc                                        (abs)        000000
__size_of_fputs                                        (abs)        000000
__size_of_main                                         (abs)        000000
__size_of_pad                                          (abs)        000000
__size_of_printf                                       (abs)        000000
__size_of_putch                                        (abs)        000000
__size_of_strlen                                       (abs)        000000
__size_of_vfpfcnvrt                                    (abs)        000000
__size_of_vfprintf                                     (abs)        000000
__smallconst                                           smallconst   001600
_abs                                                   text11       002456
_bufferRAM                                             (abs)        002500
_dbuf                                                  bssBANK5     000586
_dtoa                                                  text4        001642
_dtoa$2390                                             cstackCOMRAM 000530
_flags                                                 bssBANK5     00057E
_fputc                                                 text8        002176
_fputs                                                 text7        002412
_gain                                                  nvBANK5      0005A8
_main                                                  text0        001E08
_nout                                                  bssBANK5     000578
_offset                                                nvBANK5      0005A6
_pad                                                   text5        001FFE
_prec                                                  bssBANK5     00057C
_printf                                                text1        002590
_putch                                                 text9        002674
_strlen                                                text6        002496
_uart1RxBuffer                                         bssBANK5     000568
_uart1RxCount                                          bssBANK5     000581
_uart1RxHead                                           bssCOMRAM    00055F
_uart1RxLastError                                      bssBANK5     000580
_uart1RxStatusBuffer                                   bssBANK5     000560
_uart1RxTail                                           bssBANK5     000582
_uart1TxBuffer                                         bssBANK5     000570
_uart1TxBufferRemaining                                bssBANK5     000583
_uart1TxHead                                           bssBANK5     000585
_uart1TxTail                                           bssBANK5     000584
_vfpfcnvrt                                             text3        001926
_vfprintf                                              text2        002302
_width                                                 bssBANK5     00057A
abs@a                                                  cstackCOMRAM 000513
dtoa@d                                                 cstackCOMRAM 000520
dtoa@fp                                                cstackCOMRAM 00051E
dtoa@i                                                 cstackCOMRAM 000540
dtoa@n                                                 cstackCOMRAM 000538
dtoa@p                                                 cstackCOMRAM 000532
dtoa@s                                                 cstackCOMRAM 000536
dtoa@w                                                 cstackCOMRAM 000534
end_of_initialization                                  cinit        00261E
fputc@c                                                cstackCOMRAM 000503
fputc@fp                                               cstackCOMRAM 000505
fputs@c                                                cstackCOMRAM 000510
fputs@fp                                               cstackCOMRAM 00050E
fputs@i                                                cstackCOMRAM 000511
fputs@s                                                cstackCOMRAM 00050C
intlevel0                                              text         000000
intlevel1                                              text         000000
intlevel2                                              text         000000
intlevel3                                              text         000000
ivt0x8_base                                            ivt0x8       000008
main@ADC_MEAS                                          cstackBANK5  0005C9
main@temp_c                                            cstackBANK5  0005CB
pad@buf                                                cstackCOMRAM 000515
pad@fp                                                 cstackCOMRAM 000513
pad@i                                                  cstackCOMRAM 00051A
pad@p                                                  cstackCOMRAM 000517
pad@w                                                  cstackCOMRAM 00051C
printf@ap                                              cstackBANK5  0005C4
printf@fmt                                             cstackCOMRAM 00055A
putch@txData                                           cstackCOMRAM 000502
stackhi                                                (abs)        0015FF
stacklo                                                (abs)        0005CE
start                                                  init         00001A
start_initialization                                   cinit        002602
strlen@a                                               cstackCOMRAM 000503
strlen@s                                               cstackCOMRAM 000501
vfpfcnvrt@ap                                           cstackCOMRAM 000546
vfpfcnvrt@fmt                                          cstackCOMRAM 000544
vfpfcnvrt@fp                                           cstackCOMRAM 000542
vfpfcnvrt@ll                                           cstackCOMRAM 00054A
vfprintf@ap                                            cstackCOMRAM 000556
vfprintf@cfmt                                          cstackCOMRAM 000558
vfprintf@fmt                                           cstackCOMRAM 000554
vfprintf@fp                                            cstackCOMRAM 000552


FUNCTION INFORMATION:

 *************** function _main *****************
 Defined at:
		line 41 in file "main.c"
 Parameters:    Size  Location     Type
		None
 Auto vars:     Size  Location     Type
  temp_c          3    9[BANK5 ] m
  ADC_MEAS        2    7[BANK5 ] unsigned short 
 Return value:  Size  Location     Type
                  2  861[None  ] int 
 Registers used:
		wreg, fsr1l, fsr1h, fsr2l, fsr2h, status,2, status,0, tblptrl, tblptrh, tblptru, cstack
 Tracked objects:
		On entry : 
		On exit  : 
		Unchanged: 
 Data sizes:     COMRAM   BANK5   BANK6   BANK7   BANK8   BANK9  BANK10  BANK11  BANK12  BANK13  BANK14  BANK15  BANK16  BANK17  BANK18  BANK19  BANK20  BANK21
      Params:         0       0       0       0       0       0       0       0       0       0       0       0       0       0       0       0       0       0
      Locals:         0       5       0       0       0       0       0       0       0       0       0       0       0       0       0       0       0       0
      Temps:          0       3       0       0       0       0       0       0       0       0       0       0       0       0       0       0       0       0
      Totals:         0       8       0       0       0       0       0       0       0       0       0       0       0       0       0       0       0       0
Total ram usage:        8 bytes
 Hardware stack levels required when called:   12
 This function calls:
		_ADCC_GetConversionResult
		_FLASH_ReadWord
		_SYSTEM_Initialize
		___atdiv
		___tmul
		_printf
 This function is called by:
		Startup code after reset
 This function uses a non-reentrant model


 *************** function _printf *****************
 Defined at:
		line 5 in file "C:\Program Files\Microchip\xc8\v2.31\pic\sources\c99\common\printf.c"
 Parameters:    Size  Location     Type
  fmt             2   89[COMRAM] PTR const unsigned char 
		 -> STR_1(25), 
 Auto vars:     Size  Location     Type
  ap              2    2[BANK5 ] PTR void [1]
		 -> ?_printf(2), 
  ret             2    0        int 
 Return value:  Size  Location     Type
                  2   89[COMRAM] int 
 Registers used:
		wreg, fsr1l, fsr1h, fsr2l, fsr2h, status,2, status,0, tblptrl, tblptrh, tblptru, cstack
 Tracked objects:
		On entry : 
		On exit  : 
		Unchanged: 
 Data sizes:     COMRAM   BANK5   BANK6   BANK7   BANK8   BANK9  BANK10  BANK11  BANK12  BANK13  BANK14  BANK15  BANK16  BANK17  BANK18  BANK19  BANK20  BANK21
      Params:         5       0       0       0       0       0       0       0       0       0       0       0       0       0       0       0       0       0
      Locals:         0       4       0       0       0       0       0       0       0       0       0       0       0       0       0       0       0       0
      Temps:          0       0       0       0       0       0       0       0       0       0       0       0       0       0       0       0       0       0
      Totals:         5       4       0       0       0       0       0       0       0       0       0       0       0       0       0       0       0       0
Total ram usage:        9 bytes
 Hardware stack levels used:    1
 Hardware stack levels required when called:   11
 This function calls:
		_vfprintf
 This function is called by:
		_main
 This function uses a non-reentrant model


 *************** function _vfprintf *****************
 Defined at:
		line 1390 in file "C:\Program Files\Microchip\xc8\v2.31\pic\sources\c99\common\doprnt.c"
 Parameters:    Size  Location     Type
  fp              2   81[COMRAM] PTR struct _IO_FILE
		 -> NULL(0), 
  fmt             2   83[COMRAM] PTR const unsigned char 
		 -> STR_1(25), 
  ap              2   85[COMRAM] PTR PTR void 
		 -> printf@ap(2), 
 Auto vars:     Size  Location     Type
  cfmt            2   87[COMRAM] PTR unsigned char 
		 -> STR_1(25), 
 Return value:  Size  Location     Type
                  2   81[COMRAM] int 
 Registers used:
		wreg, fsr1l, fsr1h, fsr2l, fsr2h, status,2, status,0, tblptrl, tblptrh, tblptru, cstack
 Tracked objects:
		On entry : 
		On exit  : 
		Unchanged: 
 Data sizes:     COMRAM   BANK5   BANK6   BANK7   BANK8   BANK9  BANK10  BANK11  BANK12  BANK13  BANK14  BANK15  BANK16  BANK17  BANK18  BANK19  BANK20  BANK21
      Params:         6       0       0       0       0       0       0       0       0       0       0       0       0       0       0       0       0       0
      Locals:         2       0       0       0       0       0       0       0       0       0       0       0       0       0       0       0       0       0
      Temps:          0       0       0       0       0       0       0       0       0       0       0       0       0       0       0       0       0       0
      Totals:         8       0       0       0       0       0       0       0       0       0       0       0       0       0       0       0       0       0
Total ram usage:        8 bytes
 Hardware stack levels used:    1
 Hardware stack levels required when called:   10
 This function calls:
		_vfpfcnvrt
 This function is called by:
		_printf
 This function uses a non-reentrant model


 *************** function _vfpfcnvrt *****************
 Defined at:
		line 692 in file "C:\Program Files\Microchip\xc8\v2.31\pic\sources\c99\common\doprnt.c"
 Parameters:    Size  Location     Type
  fp              2   65[COMRAM] PTR struct _IO_FILE
		 -> NULL(0), 
  fmt             2   67[COMRAM] PTR PTR unsigned char 
		 -> vfprintf@cfmt(2), 
  ap              2   69[COMRAM] PTR PTR void 
		 -> printf@ap(2), 
 Auto vars:     Size  Location     Type
  ll              8   73[COMRAM] long long 
  llu             8    0        unsigned long long 
  f               4    0        unsigned long long 
  vp              3    0        PTR void 
  ct              3    0        unsigned char [3]
  cp              3    0        PTR unsigned char 
  i               2    0        int 
  done            2    0        int 
  c               1    0        unsigned char 
 Return value:  Size  Location     Type
                  2   65[COMRAM] int 
 Registers used:
		wreg, fsr1l, fsr1h, fsr2l, fsr2h, status,2, status,0, tblptrl, tblptrh, tblptru, cstack
 Tracked objects:
		On entry : 
		On exit  : 
		Unchanged: 
 Data sizes:     COMRAM   BANK5   BANK6   BANK7   BANK8   BANK9  BANK10  BANK11  BANK12  BANK13  BANK14  BANK15  BANK16  BANK17  BANK18  BANK19  BANK20  BANK21
      Params:         6       0       0       0       0       0       0       0       0       0       0       0       0       0       0       0       0       0
      Locals:         8       0       0       0       0       0       0       0       0       0       0       0       0       0       0       0       0       0
      Temps:          2       0       0       0       0       0       0       0       0       0       0       0       0       0       0       0       0       0
      Totals:        16       0       0       0       0       0       0       0       0       0       0       0       0       0       0       0       0       0
Total ram usage:       16 bytes
 Hardware stack levels used:    1
 Hardware stack levels required when called:    9
 This function calls:
		_dtoa
		_fputc
 This function is called by:
		_vfprintf
 This function uses a non-reentrant model


 *************** function _dtoa *****************
 Defined at:
		line 287 in file "C:\Program Files\Microchip\xc8\v2.31\pic\sources\c99\common\doprnt.c"
 Parameters:    Size  Location     Type
  fp              2   29[COMRAM] PTR struct _IO_FILE
		 -> NULL(0), 
  d               8   31[COMRAM] long long 
 Auto vars:     Size  Location     Type
  n               8   55[COMRAM] long long 
  i               2   63[COMRAM] int 
  s               2   53[COMRAM] int 
  w               2   51[COMRAM] int 
  p               2   49[COMRAM] int 
 Return value:  Size  Location     Type
                  2   29[COMRAM] int 
 Registers used:
		wreg, fsr1l, fsr1h, fsr2l, fsr2h, status,2, status,0, cstack
 Tracked objects:
		On entry : 
		On exit  : 
		Unchanged: 
 Data sizes:     COMRAM   BANK5   BANK6   BANK7   BANK8   BANK9  BANK10  BANK11  BANK12  BANK13  BANK14  BANK15  BANK16  BANK17  BANK18  BANK19  BANK20  BANK21
      Params:        10       0       0       0       0       0       0       0       0       0       0       0       0       0       0       0       0       0
      Locals:        18       0       0       0       0       0       0       0       0       0       0       0       0       0       0       0       0       0
      Temps:          8       0       0       0       0       0       0       0       0       0       0       0       0       0       0       0       0       0
      Totals:        36       0       0       0       0       0       0       0       0       0       0       0       0       0       0       0       0       0
Total ram usage:       36 bytes
 Hardware stack levels used:    1
 Hardware stack levels required when called:    8
 This function calls:
		___aodiv
		___aomod
		_abs
		_pad
 This function is called by:
		_vfpfcnvrt
 This function uses a non-reentrant model


 *************** function _pad *****************
 Defined at:
		line 72 in file "C:\Program Files\Microchip\xc8\v2.31\pic\sources\c99\common\doprnt.c"
 Parameters:    Size  Location     Type
  fp              2   18[COMRAM] PTR struct _IO_FILE
		 -> NULL(0), 
  buf             2   20[COMRAM] PTR unsigned char 
		 -> dbuf(32), 
  p               2   22[COMRAM] int 
 Auto vars:     Size  Location     Type
  w               2   27[COMRAM] int 
  i               2   25[COMRAM] int 
 Return value:  Size  Location     Type
                  2   18[COMRAM] int 
 Registers used:
		wreg, fsr1l, fsr1h, fsr2l, fsr2h, status,2, status,0, cstack
 Tracked objects:
		On entry : 
		On exit  : 
		Unchanged: 
 Data sizes:     COMRAM   BANK5   BANK6   BANK7   BANK8   BANK9  BANK10  BANK11  BANK12  BANK13  BANK14  BANK15  BANK16  BANK17  BANK18  BANK19  BANK20  BANK21
[...]
 This function is called by:
		_SYSTEM_Initialize
 This function uses a non-reentrant model


 *************** function _FVR_Initialize *****************
 Defined at:
		line 69 in file "mcc_generated_files/fvr/src/fvr.c"
 Parameters:    Size  Location     Type
		None
 Auto vars:     Size  Location     Type
		None
 Return value:  Size  Location     Type
                  1    wreg      void 
 Registers used:
		wreg, status,2
 Tracked objects:
		On entry : 
		On exit  : 
		Unchanged: 
 Data sizes:     COMRAM   BANK5   BANK6   BANK7   BANK8   BANK9  BANK10  BANK11  BANK12  BANK13  BANK14  BANK15  BANK16  BANK17  BANK18  BANK19  BANK20  BANK21
      Params:         0       0       0       0       0       0       0       0       0       0       0       0       0       0       0       0       0       0
      Locals:         0       0       0       0       0       0       0       0       0       0       0       0       0       0       0       0       0       0
      Temps:          0       0       0       0       0       0       0       0       0       0       0       0       0       0       0       0       0       0
      Totals:         0       0       0       0       0       0       0       0       0       0       0       0       0       0       0       0       0       0
Total ram usage:        0 bytes
 Hardware stack levels used:    1
 Hardware stack levels required when called:    3
 This function calls:
		Nothing
 This function is called by:
		_SYSTEM_Initialize
 This function uses a non-reentrant model


 *************** function _FLASH_Initialize *****************
 Defined at:
		line 69 in file "mcc_generated_files/flash/src/flash.c"
 Parameters:    Size  Location     Type
		None
 Auto vars:     Size  Location     Type
		None
 Return value:  Size  Location     Type
                  1    wreg      void 
 Registers used:
		None
 Tracked objects:
		On entry : 
		On exit  : 
		Unchanged: 
 Data sizes:     COMRAM   BANK5   BANK6   BANK7   BANK8   BANK9  BANK10  BANK11  BANK12  BANK13  BANK14  BANK15  BANK16  BANK17  BANK18  BANK19  BANK20  BANK21
      Params:         0       0       0       0       0       0       0       0       0       0       0       0       0       0       0       0       0       0
      Locals:         0       0       0       0       0       0       0       0       0       0       0       0       0       0       0       0       0       0
      Temps:          0       0       0       0       0       0       0       0       0       0       0       0       0       0       0       0       0       0
      Totals:         0       0       0       0       0       0       0       0       0       0       0       0       0       0       0       0       0       0
Total ram usage:        0 bytes
 Hardware stack levels used:    1
 Hardware stack levels required when called:    3
 This function calls:
		Nothing
 This function is called by:
		_SYSTEM_Initialize
 This function uses a non-reentrant model


 *************** function _CLOCK_Initialize *****************
 Defined at:
		line 59 in file "mcc_generated_files/system/src/clock.c"
 Parameters:    Size  Location     Type
		None
 Auto vars:     Size  Location     Type
		None
 Return value:  Size  Location     Type
                  1    wreg      void 
 Registers used:
		wreg, status,2
 Tracked objects:
		On entry : 
		On exit  : 
		Unchanged: 
 Data sizes:     COMRAM   BANK5   BANK6   BANK7   BANK8   BANK9  BANK10  BANK11  BANK12  BANK13  BANK14  BANK15  BANK16  BANK17  BANK18  BANK19  BANK20  BANK21
      Params:         0       0       0       0       0       0       0       0       0       0       0       0       0       0       0       0       0       0
      Locals:         0       0       0       0       0       0       0       0       0       0       0       0       0       0       0       0       0       0
      Temps:          0       0       0       0       0       0       0       0       0       0       0       0       0       0       0       0       0       0
      Totals:         0       0       0       0       0       0       0       0       0       0       0       0       0       0       0       0       0       0
Total ram usage:        0 bytes
 Hardware stack levels used:    1
 Hardware stack levels required when called:    3
 This function calls:
		Nothing
 This function is called by:
		_SYSTEM_Initialize
 This function uses a non-reentrant model


 *************** function _ADCC_Initialize *****************
 Defined at:
		line 73 in file "mcc_generated_files/adc/src/adcc.c"
 Parameters:    Size  Location     Type
		None
 Auto vars:     Size  Location     Type
		None
 Return value:  Size  Location     Type
                  1    wreg      void 
 Registers used:
		wreg, status,2, status,0, cstack
 Tracked objects:
		On entry : 
		On exit  : 
		Unchanged: 
 Data sizes:     COMRAM   BANK5   BANK6   BANK7   BANK8   BANK9  BANK10  BANK11  BANK12  BANK13  BANK14  BANK15  BANK16  BANK17  BANK18  BANK19  BANK20  BANK21
      Params:         0       0       0       0       0       0       0       0       0       0       0       0       0       0       0       0       0       0
      Locals:         0       0       0       0       0       0       0       0       0       0       0       0       0       0       0       0       0       0
      Temps:          0       0       0       0       0       0       0       0       0       0       0       0       0       0       0       0       0       0
      Totals:         0       0       0       0       0       0       0       0       0       0       0       0       0       0       0       0       0       0
Total ram usage:        0 bytes
 Hardware stack levels used:    1
 Hardware stack levels required when called:    4
 This function calls:
		_ADCC_SetADTIInterruptHandler
 This function is called by:
		_SYSTEM_Initialize
 This function uses a non-reentrant model


 *************** function _ADCC_SetADTIInterruptHandler *****************
 Defined at:
		line 330 in file "mcc_generated_files/adc/src/adcc.c"
 Parameters:    Size  Location     Type
  InterruptHan    2    0[COMRAM] PTR FTN()void 
		 -> ADCC_DefaultADTI_ISR(1), 
 Auto vars:     Size  Location     Type
		None
 Return value:  Size  Location     Type
                  1    wreg      void 
 Registers used:
		wreg, status,2, status,0
 Tracked objects:
		On entry : 
		On exit  : 
		Unchanged: 
 Data sizes:     COMRAM   BANK5   BANK6   BANK7   BANK8   BANK9  BANK10  BANK11  BANK12  BANK13  BANK14  BANK15  BANK16  BANK17  BANK18  BANK19  BANK20  BANK21
      Params:         2       0       0       0       0       0       0       0       0       0       0       0       0       0       0       0       0       0
      Locals:         0       0       0       0       0       0       0       0       0       0       0       0       0       0       0       0       0       0
      Temps:          0       0       0       0       0       0       0       0       0       0       0       0       0       0       0       0       0       0
      Totals:         2       0       0       0       0       0       0       0       0       0       0       0       0       0       0       0       0       0
Total ram usage:        2 bytes
 Hardware stack levels used:    1
 Hardware stack levels required when called:    3
 This function calls:
		Nothing
 This function is called by:
		_ADCC_Initialize
 This function uses a non-reentrant model


 *************** function _FLASH_ReadWord *****************
 Defined at:
		line 87 in file "mcc_generated_files/flash/src/flash.c"
 Parameters:    Size  Location     Type
  flashAddr       4    0[COMRAM] unsigned long 
 Auto vars:     Size  Location     Type
  readWordH       1    7[COMRAM] unsigned char 
  readWordL       1    6[COMRAM] unsigned char 
 Return value:  Size  Location     Type
                  2    0[COMRAM] unsigned short 
 Registers used:
		wreg, status,2
 Tracked objects:
		On entry : 
		On exit  : 
		Unchanged: 
 Data sizes:     COMRAM   BANK5   BANK6   BANK7   BANK8   BANK9  BANK10  BANK11  BANK12  BANK13  BANK14  BANK15  BANK16  BANK17  BANK18  BANK19  BANK20  BANK21
      Params:         4       0       0       0       0       0       0       0       0       0       0       0       0       0       0       0       0       0
      Locals:         2       0       0       0       0       0       0       0       0       0       0       0       0       0       0       0       0       0
      Temps:          2       0       0       0       0       0       0       0       0       0       0       0       0       0       0       0       0       0
      Totals:         8       0       0       0       0       0       0       0       0       0       0       0       0       0       0       0       0       0
Total ram usage:        8 bytes
 Hardware stack levels used:    1
 Hardware stack levels required when called:    3
 This function calls:
		Nothing
 This function is called by:
		_main
 This function uses a non-reentrant model


 *************** function _ADCC_GetConversionResult *****************
 Defined at:
		line 150 in file "mcc_generated_files/adc/src/adcc.c"
 Parameters:    Size  Location     Type
		None
 Auto vars:     Size  Location     Type
		None
 Return value:  Size  Location     Type
                  2    0[COMRAM] unsigned short 
 Registers used:
		wreg, status,2, status,0
 Tracked objects:
		On entry : 
		On exit  : 
		Unchanged: 
 Data sizes:     COMRAM   BANK5   BANK6   BANK7   BANK8   BANK9  BANK10  BANK11  BANK12  BANK13  BANK14  BANK15  BANK16  BANK17  BANK18  BANK19  BANK20  BANK21
      Params:         2       0       0       0       0       0       0       0       0       0       0       0       0       0       0       0       0       0
      Locals:         0       0       0       0       0       0       0       0       0       0       0       0       0       0       0       0       0       0
      Temps:          2       0       0       0       0       0       0       0       0       0       0       0       0       0       0       0       0       0
      Totals:         4       0       0       0       0       0       0       0       0       0       0       0       0       0       0       0       0       0
Total ram usage:        4 bytes
 Hardware stack levels used:    1
 Hardware stack levels required when called:    3
 This function calls:
		Nothing
 This function is called by:
		_main
 This function uses a non-reentrant model


 *************** function _INTERRUPT_InterruptManager *****************
 Defined at:
		line 96 in file "mcc_generated_files/system/src/interrupt.c"
 Parameters:    Size  Location     Type
		None
 Auto vars:     Size  Location     Type
		None
 Return value:  Size  Location     Type
                  1    wreg      void 
 Registers used:
		wreg, status,2, status,0, pclath, tosl, cstack
 Tracked objects:
		On entry : 
		On exit  : 
		Unchanged: 
 Data sizes:     COMRAM   BANK5   BANK6   BANK7   BANK8   BANK9  BANK10  BANK11  BANK12  BANK13  BANK14  BANK15  BANK16  BANK17  BANK18  BANK19  BANK20  BANK21
      Params:         0       0       0       0       0       0       0       0       0       0       0       0       0       0       0       0       0       0
      Locals:         0       0       0       0       0       0       0       0       0       0       0       0       0       0       0       0       0       0
      Temps:          0       0       0       0       0       0       0       0       0       0       0       0       0       0       0       0       0       0
      Totals:         0       0       0       0       0       0       0       0       0       0       0       0       0       0       0       0       0       0
Total ram usage:        0 bytes
 Hardware stack levels used:    1
 Hardware stack levels required when called:    2
 This function calls:
		_ADCC_ThresholdISR
 This function is called by:
		Interrupt level 2
 This function uses a non-reentrant model


 *************** function _ADCC_ThresholdISR *****************
 Defined at:
		line 319 in file "mcc_generated_files/adc/src/adcc.c"
 Parameters:    Size  Location     Type
		None
 Auto vars:     Size  Location     Type
		None
 Return value:  Size  Location     Type
                  1    wreg      void 
 Registers used:
		wreg, status,2, status,0, pclath, tosl, cstack
 Tracked objects:
		On entry : 
		On exit  : 
		Unchanged: 
 Data sizes:     COMRAM   BANK5   BANK6   BANK7   BANK8   BANK9  BANK10  BANK11  BANK12  BANK13  BANK14  BANK15  BANK16  BANK17  BANK18  BANK19  BANK20  BANK21
      Params:         0       0       0       0       0       0       0       0       0       0       0       0       0       0       0       0       0       0
      Locals:         0       0       0       0       0       0       0       0       0       0       0       0       0       0       0       0       0       0
      Temps:          0       0       0       0       0       0       0       0       0       0       0       0       0       0       0       0       0       0
      Totals:         0       0       0       0       0       0       0       0       0       0       0       0       0       0       0       0       0       0
Total ram usage:        0 bytes
 Hardware stack levels used:    1
 Hardware stack levels required when called:    1
 This function calls:
		Absolute function
		_ADCC_DefaultADTI_ISR
 This function is called by:
		_INTERRUPT_InterruptManager
 This function uses a non-reentrant model


 *************** function _ADCC_DefaultADTI_ISR *****************
 Defined at:
		line 335 in file "mcc_generated_files/adc/src/adcc.c"
 Parameters:    Size  Location     Type
		None
 Auto vars:     Size  Location     Type
		None
 Return value:  Size  Location     Type
                  1    wreg      void 
 Registers used:
		None
 Tracked objects:
		On entry : 
		On exit  : 
		Unchanged: 
 Data sizes:     COMRAM   BANK5   BANK6   BANK7   BANK8   BANK9  BANK10  BANK11  BANK12  BANK13  BANK14  BANK15  BANK16  BANK17  BANK18  BANK19  BANK20  BANK21
      Params:         0       0       0       0       0       0       0       0       0       0       0       0       0       0       0       0       0       0
      Locals:         0       0       0       0       0       0       0       0       0       0       0       0       0       0       0       0       0       0
      Temps:          0       0       0       0       0       0       0       0       0       0       0       0       0       0       0       0       0       0
      Totals:         0       0       0       0       0       0       0       0       0       0       0       0       0       0       0       0       0       0
Total ram usage:        0 bytes
 Hardware stack levels used:    1
 This function calls:
		Nothing
 This function is called by:
		_ADCC_Initialize
		_ADCC_ThresholdISR
 This function uses a non-reentrant model



MODULE INFORMATION

Module		Function		Class		Link	Load	Size
mcc_generated_files/peripherals/src/i2c1.c
		_I2C1_Initialize		CODE           	23C2	0000	80

mcc_generated_files/peripherals/src/i2c1.c estimated size: 80

C:\Program Files\Microchip\xc8\v2.31\pic\sources\c99\common\nf_fputs.c
		_fputs         		CODE           	2412	0000	68

C:\Program Files\Microchip\xc8\v2.31\pic\sources\c99\common\nf_fputs.c estimated size: 68

C:\Program Files\Microchip\xc8\v2.31\pic\sources\c99\common\printf.c
		_printf        		CODE           	2590	0000	40

C:\Program Files\Microchip\xc8\v2.31\pic\sources\c99\common\printf.c estimated size: 40

C:\Program Files\Microchip\xc8\v2.31\pic\sources\c99\common\aomod.c
		___aomod       		CODE           	1CA4	0000	356

C:\Program Files\Microchip\xc8\v2.31\pic\sources\c99\common\aomod.c estimated size: 356

C:\Program Files\Microchip\xc8\v2.31\pic\sources\c99\common\abs.c
		_abs           		CODE           	2456	0000	64

C:\Program Files\Microchip\xc8\v2.31\pic\sources\c99\common\abs.c estimated size: 64

C:\Program Files\Microchip\xc8\v2.31\pic\sources\c99\common\strlen.c
		_strlen        		CODE           	2496	0000	58

C:\Program Files\Microchip\xc8\v2.31\pic\sources\c99\common\strlen.c estimated size: 58

mcc_generated_files/system/src/interrupt.c
		_INT0_SetInterruptHandler		CODE           	26E2	0000	10
		_INT1_SetInterruptHandler		CODE           	26D8	0000	10
		_INT2_SetInterruptHandler		CODE           	26CE	0000	10
		_INTERRUPT_Initialize		CODE           	24D0	0000	52
		_INTERRUPT_InterruptManager		CODE           	2624	0000	34

mcc_generated_files/system/src/interrupt.c estimated size: 116

mcc_generated_files/adc/src/adcc.c
		_ADCC_DefaultADTI_ISR		CODE           	2700	0000	2
		_ADCC_SetADTIInterruptHandler		CODE           	26EC	0000	10
		_ADCC_GetConversionResult		CODE           	265E	0000	22
		_ADCC_ThresholdISR		CODE           	2534	0000	48
		_ADCC_Initialize		CODE           	2296	0000	108

mcc_generated_files/adc/src/adcc.c estimated size: 190

mcc_generated_files/flash/src/flash.c
		_FLASH_ReadWord		CODE           	2504	0000	48
		_FLASH_Initialize		CODE           	26FE	0000	2

mcc_generated_files/flash/src/flash.c estimated size: 50

mcc_generated_files/uart/src/uart1.c
		_UART1_Write   		CODE           	2646	0000	24
		_putch         		CODE           	2674	0000	10
		_UART1_SetFramingErrorHandler		CODE           	26B0	0000	10
		_UART1_SetOverrunErrorHandler		CODE           	269C	0000	10
		_UART1_SetRxInterruptHandler		CODE           	2692	0000	10
		_UART1_SetTxInterruptHandler		CODE           	2688	0000	10
		_UART1_Initialize		CODE           	20C4	0000	178
		_UART1_SetErrorHandler		CODE           	26BA	0000	10
		_UART1_SetFramingErrorInterruptHandler		CODE           	26A6	0000	10
		_UART1_SetUartInterruptHandler		CODE           	267E	0000	10

mcc_generated_files/uart/src/uart1.c estimated size: 282

C:\Program Files\Microchip\xc8\v2.31\pic\sources\c99\common\Umul24.c
		___tmul        		CODE           	236A	0000	88

C:\Program Files\Microchip\xc8\v2.31\pic\sources\c99\common\Umul24.c estimated size: 88

mcc_generated_files/system/src/pins.c
		_PIN_MANAGER_Initialize		CODE           	220C	0000	138

mcc_generated_files/system/src/pins.c estimated size: 138

C:\Program Files\Microchip\xc8\v2.31\pic\sources\c99\common\aodiv.c
		___aodiv       		CODE           	1B1C	0000	392

C:\Program Files\Microchip\xc8\v2.31\pic\sources\c99\common\aodiv.c estimated size: 392

C:\Program Files\Microchip\xc8\v2.31\pic\sources\c99\common\nf_fputc.c
		_fputc         		CODE           	2176	0000	150

C:\Program Files\Microchip\xc8\v2.31\pic\sources\c99\common\nf_fputc.c estimated size: 150

shared
		_Timer2        		SMALLCONST     	161B	0000	12
		__initialization		CODE           	2602	0000	28
		_UART1_Interface		SMALLCONST     	1601	0000	26

shared estimated size: 66

C:\Program Files\Microchip\xc8\v2.31\pic\sources\c99\common\doprnt.c
		_vfpfcnvrt     		CODE           	1926	0000	502
		_pad           		CODE           	1FFE	0000	198
		_dtoa          		CODE           	1642	0000	740
		_vfprintf      		CODE           	2302	0000	104

C:\Program Files\Microchip\xc8\v2.31\pic\sources\c99\common\doprnt.c estimated size: 1544

mcc_generated_files/timer/src/tmr2.c
		_Timer2_Initialize		CODE           	2564	0000	44
		_Timer2_OverflowCallbackRegister		CODE           	26C4	0000	10

mcc_generated_files/timer/src/tmr2.c estimated size: 54

mcc_generated_files/system/src/clock.c
		_CLOCK_Initialize		CODE           	25DE	0000	36

mcc_generated_files/system/src/clock.c estimated size: 36

main.c
		_main          		CODE           	1E08	0000	270

main.c estimated size: 270

mcc_generated_files/fvr/src/fvr.c
		_FVR_Initialize		CODE           	26F6	0000	8

mcc_generated_files/fvr/src/fvr.c estimated size: 8

C:\Program Files\Microchip\xc8\v2.31\pic\sources\c99\common\atdiv.c
		___atdiv       		CODE           	1F16	0000	232

C:\Program Files\Microchip\xc8\v2.31\pic\sources\c99\common\atdiv.c estimated size: 232

mcc_generated_files/system/src/system.c
		_SYSTEM_Initialize		CODE           	25B8	0000	38

mcc_generated_files/system/src/system.c estimated size: 38

